❯ Building...
✔ Building...
Application bundle generation failed. [1.652 seconds] - 2026-04-22T14:19:04.690Z

